#-----------------------------------------------------------
# Vivado v2022.1 (64-bit)
# SW Build 3526262 on Mon Apr 18 15:47:01 MDT 2022
# IP Build 3524634 on Mon Apr 18 20:55:01 MDT 2022
# Start of session at: Tue Jan 16 15:28:33 2024
# Process ID: 229142
# Current directory: /home/ubuntu/workspace/SOC_lab/lab/labFinal/lab-wlos_baseline/vivado/vvd_caravel_fpga/vvd_caravel_fpga.runs/synth_1
# Command line: vivado -log design_1_wrapper.vds -product Vivado -mode batch -messageDb vivado.pb -notrace -source design_1_wrapper.tcl
# Log file: /home/ubuntu/workspace/SOC_lab/lab/labFinal/lab-wlos_baseline/vivado/vvd_caravel_fpga/vvd_caravel_fpga.runs/synth_1/design_1_wrapper.vds
# Journal file: /home/ubuntu/workspace/SOC_lab/lab/labFinal/lab-wlos_baseline/vivado/vvd_caravel_fpga/vvd_caravel_fpga.runs/synth_1/vivado.jou
# Running On: ubuntu2004, OS: Linux, CPU Frequency: 2207.996 MHz, CPU Physical cores: 4, Host memory: 11571 MB
#-----------------------------------------------------------
source design_1_wrapper.tcl -notrace
